adfasf
bbb
